// 重构日志: 1045ff88
// 重构日志: 6d37dba0
// 重构日志: e033a1e5
// 重构日志: ebd46111
// 同步 ID: be839e9e @ Thu Jul 30 02:25:28 UTC 2026
// 重构日志: 1c31a12c
// 重构日志: d46dd064
// 同步 ID: 17e82538 @ Fri Jul 31 23:03:12 UTC 2026
// 重构日志: 5912e131
// 重构日志: 7a12a98b
// 重构日志: 082da925
// 重构日志: 1ef71972
// 同步 ID: 873c6d48 @ Sat Aug  1 11:49:02 UTC 2026
// 同步 ID: 783ea7bf @ Sat Aug  1 16:42:42 UTC 2026
// 同步 ID: b65a6573 @ Sat Aug  1 23:14:52 UTC 2026
// 同步 ID: c74e3a8f @ Sat Aug  1 23:56:24 UTC 2026
// 同步 ID: 84283316 @ Sun Aug  2 12:15:29 UTC 2026
// 同步 ID: 6e0f4686 @ Mon Aug  3 05:43:47 UTC 2026
// 同步 ID: 7983b1e2 @ Mon Aug  3 13:00:34 UTC 2026
// 重构日志: 519ad67d
// 重构日志: c5b089dc
// 同步 ID: 44f70d9e @ Fri Aug  7 04:51:50 UTC 2026
// 同步 ID: 295821ad @ Fri Aug  7 08:34:47 UTC 2026
// 同步 ID: e1ba7dc0 @ Fri Aug  7 10:06:23 UTC 2026
// 重构日志: 406909d3
// 重构日志: 5ff1941e
// 同步 ID: 3d5768c7 @ Sat Aug  8 03:14:11 UTC 2026
// 同步 ID: 5c133887 @ Sat Aug  8 06:14:09 UTC 2026
// 同步 ID: 16c84a8f @ Sat Aug  8 08:01:58 UTC 2026
// 同步 ID: 4c3b71c3 @ Sat Aug  8 17:22:16 UTC 2026
